// Jest Snapshot v1, https://goo.gl/fbAQLP

exports[`renders correctly 1`] = `
<section
  className="locations container"
>
  <ul
    className="locations__list tabs__list"
  >
    <li
      className="locations__item"
      onClick={[Function]}
    >
      <a
        className="locations__item-link tabs__item"
        href="#"
      >
        <span>
          Дмитров
        </span>
      </a>
    </li>
    <li
      className="locations__item"
      onClick={[Function]}
    >
      <a
        className="locations__item-link tabs__item"
        href="#"
      >
        <span>
          Долгопрудный
        </span>
      </a>
    </li>
    <li
      className="locations__item"
      onClick={[Function]}
    >
      <a
        className="locations__item-link tabs__item"
        href="#"
      >
        <span>
          Домодедово
        </span>
      </a>
    </li>
    <li
      className="locations__item"
      onClick={[Function]}
    >
      <a
        className="locations__item-link tabs__item"
        href="#"
      >
        <span>
          Донской
        </span>
      </a>
    </li>
    <li
      className="locations__item"
      onClick={[Function]}
    >
      <a
        className="locations__item-link tabs__item"
        href="#"
      >
        <span>
          Дубна
        </span>
      </a>
    </li>
    <li
      className="locations__item"
      onClick={[Function]}
    >
      <a
        className="locations__item-link tabs__item"
        href="#"
      >
        <span>
          Евпатория
        </span>
      </a>
    </li>
  </ul>
</section>
`;
